[01m[K/home/nvidia/catkin_pod_dectect/src/target_detection/src/set_mode.cpp:[m[K In function ‘[01m[Kvoid target_callback(const ConstPtr&)[m[K’:
[01m[K/home/nvidia/catkin_pod_dectect/src/target_detection/src/set_mode.cpp:123:16:[m[K [01;31m[Kerror: [m[K‘[01m[Kconst ConstPtr[m[K’ {aka ‘[01m[Kconst class boost::shared_ptr<const geometry_msgs::TwistStamped_<std::allocator<void> > >[m[K’} has no member named ‘[01m[Kheader[m[K’
  123 |         if(msg.[01;31m[Kheader[m[K.frame_id == "Image_Frame_AIM")
      |                [01;31m[K^~~~~~[m[K
[01m[K/home/nvidia/catkin_pod_dectect/src/target_detection/src/set_mode.cpp:125:13:[m[K [01;31m[Kerror: [m[K‘[01m[Kself[m[K’ was not declared in this scope
  125 |             [01;31m[Kself[m[K.aim_flag = true
      |             [01;31m[K^~~~[m[K
[01m[K/home/nvidia/catkin_pod_dectect/src/target_detection/src/set_mode.cpp:128:13:[m[K [01;31m[Kerror: [m[K‘[01m[Kself[m[K’ was not declared in this scope
  128 |             [01;31m[Kself[m[K.aim_flag = false
      |             [01;31m[K^~~~[m[K
In file included from [01m[K/usr/include/boost/function/detail/maybe_include.hpp:22[m[K,
                 from [01m[K/usr/include/boost/function/detail/function_iterate.hpp:14[m[K,
                 from [01m[K/usr/include/boost/preprocessor/iteration/detail/iter/forward1.hpp:53[m[K,
                 from [01m[K/usr/include/boost/function.hpp:71[m[K,
                 from [01m[K/opt/ros/noetic/include/ros/forwards.h:40[m[K,
                 from [01m[K/opt/ros/noetic/include/ros/common.h:37[m[K,
                 from [01m[K/opt/ros/noetic/include/ros/ros.h:43[m[K,
                 from [01m[K/home/nvidia/catkin_pod_dectect/src/target_detection/src/set_mode.cpp:1[m[K:
/usr/include/boost/function/function_template.hpp: In instantiation of ‘[01m[Kstatic void boost::detail::function::void_function_invoker1<FunctionPtr, R, T0>::invoke(boost::detail::function::function_buffer&, T0) [with FunctionPtr = void (*)(const boost::shared_ptr<const geometry_msgs::TwistStamped_<std::allocator<void> > >&); R = void; T0 = const boost::shared_ptr<const geometry_msgs::PoseStamped_<std::allocator<void> > >&][m[K’:
[01m[K/usr/include/boost/function/function_template.hpp:931:38:[m[K   required from ‘[01m[Kvoid boost::function1<R, T1>::assign_to(Functor) [with Functor = void (*)(const boost::shared_ptr<const geometry_msgs::TwistStamped_<std::allocator<void> > >&); R = void; T0 = const boost::shared_ptr<const geometry_msgs::PoseStamped_<std::allocator<void> > >&][m[K’
[01m[K/usr/include/boost/function/function_template.hpp:720:7:[m[K   required from ‘[01m[Kboost::function1<R, T1>::function1(Functor, typename boost::enable_if_<(! boost::is_integral<Functor>::value), int>::type) [with Functor = void (*)(const boost::shared_ptr<const geometry_msgs::TwistStamped_<std::allocator<void> > >&); R = void; T0 = const boost::shared_ptr<const geometry_msgs::PoseStamped_<std::allocator<void> > >&; typename boost::enable_if_<(! boost::is_integral<Functor>::value), int>::type = int][m[K’
[01m[K/usr/include/boost/function/function_template.hpp:1068:16:[m[K   required from ‘[01m[Kboost::function<R(T0)>::function(Functor, typename boost::enable_if_<(! boost::is_integral<Functor>::value), int>::type) [with Functor = void (*)(const boost::shared_ptr<const geometry_msgs::TwistStamped_<std::allocator<void> > >&); R = void; T0 = const boost::shared_ptr<const geometry_msgs::PoseStamped_<std::allocator<void> > >&; typename boost::enable_if_<(! boost::is_integral<Functor>::value), int>::type = int][m[K’
[01m[K/home/nvidia/catkin_pod_dectect/src/target_detection/src/set_mode.cpp:148:137:[m[K   required from here
[01m[K/usr/include/boost/function/function_template.hpp:117:11:[m[K [01;31m[Kerror: [m[Kinvalid initialization of reference of type ‘[01m[Kconst boost::shared_ptr<const geometry_msgs::TwistStamped_<std::allocator<void> > >&[m[K’ from expression of type ‘[01m[Kconst boost::shared_ptr<const geometry_msgs::PoseStamped_<std::allocator<void> > >[m[K’
  117 |           [01;31m[KBOOST_FUNCTION_RETURN[m[K(f(BOOST_FUNCTION_ARGS));
      |           [01;31m[K^~~~~~~~~~~~~~~~~~~~~[m[K
make[2]: *** [CMakeFiles/set_mode.dir/build.make:63: CMakeFiles/set_mode.dir/src/set_mode.cpp.o] Error 1
make[1]: *** [CMakeFiles/Makefile2:192: CMakeFiles/set_mode.dir/all] Error 2
make: *** [Makefile:141: all] Error 2
